eeschema (22-Jun-2014 BZR 4027)-stable  >> Creation date: Tue 10 Feb 2015 12:48:19 NZDT
#Cmp ( order = Reference )
| C1         0.1u        
| C2         0.1u        
| C3         0.1u        
| C4         0.1u        
| C5         0.1u        
| C6         0.1u        
| C7         0.1u        
| C8         0.1u        
| C9         0.1u        
| C10        0.1u        
| C11        0.1u        
| C12        0.1u        
| C13        0.1u        
| C14        0.1u        
| C15        0.1u        
| C16        0.1u        
| C17        0.1u        
| C18        0.1u        
| C19        0.1u        
| C20        0.1u        
| C21        0.1u        
| C22        0.1u        
| C23        0.1u        
| C24        0.1u        
| C25        0.1u        
| C26        2200p       
| C27        1u          
| C28        0.1u        
| C29        0.01        
| C30        1u          
| C31        0.1u        
| C32        0.01        
| C33        1u          
| C34        0.1u        
| C35        0.01        
| C36        1u          
| C37        0.1u        
| C38        0.01        
| CON1       RJ45_TART   
| CON2       RJ45_TART   
| CON3       RJ45_TART   
| CON4       RJ45_TART   
| CON5       RJ45_TART   
| CON6       RJ45_TART   
| CON7       RJ45_TART   
| CON8       RJ45_TART   
| D1         TVS_DIODE_BI_TART
| F1         FUSE        
| F2         FUSE        
| F3         FUSE        
| F4         FUSE        
| IC1        LTC2851     
| IC2        LTC2851     
| IC3        LTC2851     
| IC4        LTC2851     
| IC5        LTC2851     
| IC6        LTC2851     
| IC7        LTC2851     
| IC8        LTC2851     
| IC9        LTC2851     
| IC10       LTC2851     
| IC11       LTC2851     
| IC12       LTC2851     
| IC13       LTC2851     
| IC14       LTC2851     
| IC15       LTC2851     
| IC16       LTC2851     
| IC17       LTC2851     
| IC18       LTC2851     
| IC19       LTC2851     
| IC20       LTC2851     
| IC21       LTC2851     
| IC22       LTC2851     
| IC23       LTC2851     
| IC24       LTC2851     
| IC26       XTAL_DRIVER_TART
| P1         CONN_20X2   
| PC1        100u        
| PC2        10u         
| PC3        10u         
| PC4        0.1u        
| PC5        0.1u        
| PC6        10u         
| PC7        0.1u        
| PCON1      ~           
| PD2        TVS_DIODE_UNI_TART
| PF1        FUSE        
| PF2        FUSE        
| PIC1       BRIDGE_TART 
| PR1        1k          
| PWR1       LED         
| R1         100         
| R2         100         
| R3         100         
| R4         100         
| R5         100         
| R6         100         
| R7         100         
| R8         100         
| R9         100         
| R10        100         
| R11        100         
| R12        100         
| R13        100         
| R14        100         
| R15        100         
| R16        100         
| R17        100         
| R18        100         
| R19        100         
| R20        100         
| R21        100         
| R22        100         
| R23        100         
| R24        100         
| R25        100         
| R26        100         
| R27        100         
| R28        100         
| R29        0           
| R30        0           
| R31        10k         
| R32        10k         
| REG3V3     SPX3940_TART
| REG5V1     OK1-78SR_TART
| REG5V2     OK1-78SR_TART
| SW1        SWITCH      
| U1         PAPILIO_TART
| X1         TCXO_TART   
#End Cmp

#Cmp ( order = Value )
| 2200p        C26       
| 0.1u         C1        
| 0.1u         C7        
| 0.1u         C13       
| 0.1u         C19       
| 0.1u         C2        
| 0.1u         C8        
| 0.1u         C14       
| 0.1u         C20       
| 0.1u         C3        
| 0.1u         C9        
| 0.1u         C15       
| 0.1u         C21       
| 0.1u         C4        
| 0.1u         C10       
| 0.1u         C16       
| 0.1u         C22       
| 0.1u         C5        
| 0.1u         C11       
| 0.1u         C17       
| 0.1u         C23       
| 0.1u         C6        
| 0.1u         C12       
| 0.1u         C18       
| 0.1u         C24       
| 0.1u         C25       
| 0.1u         C28       
| 0.1u         C31       
| 0.1u         C34       
| 0.1u         C37       
| 1u           C27       
| 1u           C30       
| 1u           C33       
| 1u           C36       
| 0.01         C29       
| 0.01         C32       
| 0.01         C35       
| 0.01         C38       
| RJ45_TART    CON1      
| RJ45_TART    CON3      
| RJ45_TART    CON5      
| RJ45_TART    CON7      
| RJ45_TART    CON2      
| RJ45_TART    CON4      
| RJ45_TART    CON6      
| RJ45_TART    CON8      
| TVS_DIODE_BI_TART D1        
| FUSE         F1        
| FUSE         F2        
| FUSE         F3        
| FUSE         F4        
| XTAL_DRIVER_TART IC26      
| LTC2851      IC1       
| LTC2851      IC7       
| LTC2851      IC13      
| LTC2851      IC19      
| LTC2851      IC2       
| LTC2851      IC8       
| LTC2851      IC14      
| LTC2851      IC20      
| LTC2851      IC3       
| LTC2851      IC9       
| LTC2851      IC15      
| LTC2851      IC21      
| LTC2851      IC4       
| LTC2851      IC10      
| LTC2851      IC16      
| LTC2851      IC22      
| LTC2851      IC5       
| LTC2851      IC11      
| LTC2851      IC17      
| LTC2851      IC23      
| LTC2851      IC6       
| LTC2851      IC12      
| LTC2851      IC18      
| LTC2851      IC24      
| CONN_20X2    P1        
| 0.1u         PC4       
| 0.1u         PC5       
| 0.1u         PC7       
| 10u          PC2       
| 10u          PC3       
| 10u          PC6       
| 100u         PC1       
| ~            PCON1     
| TVS_DIODE_UNI_TART PD2       
| FUSE         PF1       
| FUSE         PF2       
| BRIDGE_TART  PIC1      
| 1k           PR1       
| LED          PWR1      
| 0            R29       
| 0            R30       
| 100          R1        
| 100          R8        
| 100          R15       
| 100          R22       
| 100          R2        
| 100          R9        
| 100          R16       
| 100          R23       
| 100          R3        
| 100          R10       
| 100          R17       
| 100          R24       
| 100          R4        
| 100          R11       
| 100          R18       
| 100          R25       
| 100          R5        
| 100          R12       
| 100          R19       
| 100          R26       
| 100          R6        
| 100          R13       
| 100          R20       
| 100          R27       
| 100          R7        
| 100          R14       
| 100          R21       
| 100          R28       
| 10k          R31       
| 10k          R32       
| OK1-78SR_TART REG5V1    
| OK1-78SR_TART REG5V2    
| SPX3940_TART REG3V3    
| SWITCH       SW1       
| PAPILIO_TART U1        
| TCXO_TART    X1        
#End Cmp

#End List
